// Jest Snapshot v1, https://goo.gl/fbAQLP

exports[`Bookmarks should match snapshot 1`] = `
<Fragment>
  <BookmarkForm
    form={
      Object {
        "link": "",
        "title": "",
      }
    }
    onHandleChange={[Function]}
    onHandleSave={[Function]}
  />
  <BookmarkList
    data={Array []}
  />
</Fragment>
`;
